2025-01-04 18:46:00 | DEBUG | repo=a4m36jee-2014-clustering-seminar | action=commit
2025-05-16 18:36:00 | DEBUG | repo=a4m36jee-2014-clustering-seminar | action=test | passed=true
2025-09-07 19:43:00 | DEBUG | repo=a4m36jee-2014-clustering-seminar | action=commit
2025-01-08 15:36:00 | INFO | repo=a4m36jee-2014-clustering-seminar | action=pull
2025-02-11 07:14:00 | DEBUG | repo=a4m36jee-2014-clustering-seminar | action=commit
2025-03-26 21:16:00 | DEBUG | repo=a4m36jee-2014-clustering-seminar | action=commit
2025-01-14 13:51:00 | DEBUG | repo=a4m36jee-2014-clustering-seminar | action=commit
2025-01-19 13:15:00 | DEBUG | repo=a4m36jee-2014-clustering-seminar | action=commit
2025-09-11 15:27:00 | WARN | repo=a4m36jee-2014-clustering-seminar | action=commit
2025-05-10 21:00:00 | WARN | repo=a4m36jee-2014-clustering-seminar | action=commit
2025-09-14 07:40:00 | INFO | repo=a4m36jee-2014-clustering-seminar | action=commit
2025-01-26 08:06:00 | INFO | repo=a4m36jee-2014-clustering-seminar | action=commit
2025-01-16 09:22:00 | INFO | repo=a4m36jee-2014-clustering-seminar | action=commit
2025-12-15 08:46:00 | WARN | repo=a4m36jee-2014-clustering-seminar | action=commit
2025-09-11 18:26:00 | WARN | repo=a4m36jee-2014-clustering-seminar | action=commit
2025-12-27 15:36:00 | WARN | repo=a4m36jee-2014-clustering-seminar | action=commit
2025-10-13 15:46:00 | WARN | repo=a4m36jee-2014-clustering-seminar | action=commit
2025-04-18 18:39:00 | DEBUG | repo=a4m36jee-2014-clustering-seminar | action=commit
2025-12-21 20:01:00 | WARN | repo=a4m36jee-2014-clustering-seminar | action=commit
2025-11-06 18:00:00 | INFO | repo=a4m36jee-2014-clustering-seminar | action=commit
2025-05-15 18:11:00 | WARN | repo=a4m36jee-2014-clustering-seminar | action=commit
2025-07-16 19:01:00 | DEBUG | repo=a4m36jee-2014-clustering-seminar | action=edit | files=5
2025-02-25 21:25:00 | WARN | repo=a4m36jee-2014-clustering-seminar | action=commit
2025-11-16 08:45:00 | WARN | repo=a4m36jee-2014-clustering-seminar | action=commit
2025-02-28 20:13:00 | WARN | repo=a4m36jee-2014-clustering-seminar | action=commit
2025-03-04 07:25:00 | DEBUG | repo=a4m36jee-2014-clustering-seminar | action=test | passed=true
2025-02-18 18:49:00 | INFO | repo=a4m36jee-2014-clustering-seminar | action=pull
2025-06-26 09:31:00 | WARN | repo=a4m36jee-2014-clustering-seminar | action=test | passed=true
2025-01-09 07:25:00 | WARN | repo=a4m36jee-2014-clustering-seminar | action=commit
2025-03-14 08:25:00 | WARN | repo=a4m36jee-2014-clustering-seminar | action=commit
2025-10-27 17:07:00 | INFO | repo=a4m36jee-2014-clustering-seminar | action=edit | files=3
2025-08-22 20:50:00 | WARN | repo=a4m36jee-2014-clustering-seminar | action=commit
